
> nexora-frontend@1.0.0 dev
> next dev

  ▲ Next.js 14.2.35
  - Local:        http://localhost:3000
  - Environments: .env.local

 ✓ Starting...
 ✓ Ready in 3.9s
 ○ Compiling /subscription/plans ...
 ✓ Compiled /subscription/plans in 5.6s (888 modules)
 GET /subscription/plans 200 in 6132ms
 ✓ Compiled in 469ms (407 modules)
 GET /subscription/plans 200 in 55ms
 ○ Compiling /admin ...
 ✓ Compiled /admin in 3.4s (1963 modules)
 ✓ Compiled in 267ms (948 modules)
 ✓ Compiled /admin/subscriptions in 487ms (1959 modules)
 ○ Compiling /admin/analytics ...
 ✓ Compiled /admin/analytics in 592ms (1973 modules)
 ○ Compiling /admin/users ...
 ✓ Compiled /admin/users in 684ms (1985 modules)
 ○ Compiling /admin/content ...
 ✓ Compiled /admin/content in 926ms (2027 modules)
 ○ Compiling /_not-found ...
 ✓ Compiled /_not-found in 1009ms (2037 modules)
 GET /_next/static/webpack/a3742ac1c28c105b.webpack.hot-update.json 404 in 1160ms
 GET /subscription/plans 200 in 143ms
 ○ Compiling / ...
 ✓ Compiled / in 3.7s (2775 modules)
 GET /browse/new 404 in 78ms
 GET /subscription/plans 200 in 90ms
 ✓ Compiled /browse in 458ms (2783 modules)
 ○ Compiling /my-list ...
 ✓ Compiled /my-list in 643ms (2793 modules)
